============================= test session starts =============================
platform win32 -- Python 3.12.10, pytest-9.1.1, pluggy-1.6.0 -- E:\AI projects\AETHER\venv\Scripts\python.exe
cachedir: .pytest_cache
rootdir: E:\AI projects\AETHER
configfile: pytest.ini
plugins: anyio-4.15.0, langsmith-0.12.1, asyncio-1.4.0
asyncio: mode=Mode.AUTO, debug=False, asyncio_default_fixture_loop_scope=None, asyncio_default_test_loop_scope=function
collecting ... collected 138 items

tests/test_approval_drawer_override.py::test_approval_drawer_override 